// Vitest Snapshot v1, https://vitest.dev/guide/snapshot.html

exports[`fixture scan pipeline > golden ranking order is stable for weight diffs > golden-ranking 1`] = `
[
  {
    "brandTier": 3,
    "name": "Four Seasons Hotel Buenos Aires",
    "plant": 0,
    "score": 50.59,
  },
  {
    "brandTier": 3,
    "name": "Alvear Palace Hotel",
    "plant": 0,
    "score": 50.42,
  },
  {
    "brandTier": 3,
    "name": "Palacio Duhau - Park Hyatt Buenos Aires",
    "plant": 0,
    "score": 49.41,
  },
  {
    "brandTier": 0,
    "name": "Palladio Hotel Buenos Aires - MGallery",
    "plant": 0,
    "score": 43.5,
  },
  {
    "brandTier": 0,
    "name": "Casa Caravan",
    "plant": 0,
    "score": 42.91,
  },
  {
    "brandTier": 0,
    "name": "Sucre Suites",
    "plant": 0,
    "score": 42.17,
  },
  {
    "brandTier": 0,
    "name": "MONROE SUITES",
    "plant": 0,
    "score": 41.94,
  },
  {
    "brandTier": 2,
    "name": "Hilton Buenos Aires",
    "plant": 0,
    "score": 41.34,
  },
  {
    "brandTier": 0,
    "name": "El Misti Coliving Obelisco",
    "plant": 0,
    "score": 41.24,
  },
  {
    "brandTier": 0,
    "name": "EL FARO APART MONUMENTAL",
    "plant": 0,
    "score": 38.38,
  },
]
`;

exports[`fixture scan pipeline > scores BA fixtures end-to-end with zero live calls > fixture-top10 1`] = `
[
  {
    "brandTier": 3,
    "consistencyPenalty": 3.23,
    "facts": {
      "frontDesk24h": "unknown",
      "hasAC": "confirmed",
      "hasElevator": "unknown",
      "hasWifi": "confirmed",
    },
    "gatedOut": false,
    "gates": [],
    "googleHotelsUrl": "https://www.google.com/travel/search?q=Four+Seasons+Hotel+Buenos+Aires+Buenos+Aires&checkin=2026-08-11&checkout=2026-08-13",
    "hotelClass": 5,
    "lat": -34.5903504,
    "lng": -58.38255209999999,
    "lowStarShare": 0.025817939016247494,
    "name": "Four Seasons Hotel Buenos Aires",
    "nightlyUsd": 616,
    "plantPenalty": 0,
    "quality": 39.82,
    "rating": 4.7,
    "reviews": 8986,
    "score": 50.59,
    "subscores": {
      "bayesRating": 4.6963431380353455,
      "brandBonus": 12,
      "classNudge": 2,
      "consistencyPenalty": 3.227242377030937,
      "maxNegRate": null,
      "plantPenalty": 0,
      "quality": 39.81715690176728,
      "taBonus": 0,
      "whitelistBonus": 0,
      "worstPlantCategory": null,
    },
    "token": "ChcI76_jv96q05GvARoKL20vMDJxNDUyNRAB",
    "worstCategory": null,
    "worstCategoryNeg": null,
  },
  {
    "brandTier": 3,
    "consistencyPenalty": 3.38,
    "facts": {
      "frontDesk24h": "unknown",
      "hasAC": "confirmed",
      "hasElevator": "unknown",
      "hasWifi": "confirmed",
    },
    "gatedOut": false,
    "gates": [],
    "googleHotelsUrl": "https://www.google.com/travel/search?q=Alvear+Palace+Hotel+Buenos+Aires&checkin=2026-08-11&checkout=2026-08-13",
    "hotelClass": 5,
    "lat": -34.587583599999995,
    "lng": -58.3888465,
    "lowStarShare": 0.027056539674836205,
    "name": "Alvear Palace Hotel",
    "nightlyUsd": 436,
    "plantPenalty": 0,
    "quality": 39.8,
    "rating": 4.7,
    "reviews": 8242,
    "score": 50.42,
    "subscores": {
      "bayesRating": 4.696018935782997,
      "brandBonus": 12,
      "classNudge": 2,
      "consistencyPenalty": 3.382067459354526,
      "maxNegRate": null,
      "plantPenalty": 0,
      "quality": 39.80094678914987,
      "taBonus": 0,
      "whitelistBonus": 0,
      "worstPlantCategory": null,
    },
    "token": "ChcIgYLT9pLF3--cARoKL20vMDRuNmRtcxAB",
    "worstCategory": null,
    "worstCategoryNeg": null,
  },
  {
    "brandTier": 3,
    "consistencyPenalty": 4.39,
    "facts": {
      "frontDesk24h": "unknown",
      "hasAC": "confirmed",
      "hasElevator": "unknown",
      "hasWifi": "confirmed",
    },
    "gatedOut": false,
    "gates": [],
    "googleHotelsUrl": "https://www.google.com/travel/search?q=Palacio+Duhau+-+Park+Hyatt+Buenos+Aires+Buenos+Aires&checkin=2026-08-11&checkout=2026-08-13",
    "hotelClass": 5,
    "lat": -34.5893841,
    "lng": -58.3862335,
    "lowStarShare": 0.03514299563742123,
    "name": "Palacio Duhau - Park Hyatt Buenos Aires",
    "nightlyUsd": 426,
    "plantPenalty": 0,
    "quality": 39.8,
    "rating": 4.7,
    "reviews": 8252,
    "score": 49.41,
    "subscores": {
      "bayesRating": 4.69602367401701,
      "brandBonus": 12,
      "classNudge": 2,
      "consistencyPenalty": 4.392874454677654,
      "maxNegRate": null,
      "plantPenalty": 0,
      "quality": 39.80118370085048,
      "taBonus": 0,
      "whitelistBonus": 0,
      "worstPlantCategory": null,
    },
    "token": "ChYI8v6gjYvdg8ErGgovbS8wNjRxZ2NtEAE",
    "worstCategory": null,
    "worstCategoryNeg": null,
  },
  {
    "brandTier": 0,
    "consistencyPenalty": 2.43,
    "facts": {
      "frontDesk24h": "unknown",
      "hasAC": "confirmed",
      "hasElevator": "unknown",
      "hasWifi": "confirmed",
    },
    "gatedOut": false,
    "gates": [],
    "googleHotelsUrl": "https://www.google.com/travel/search?q=Palladio+Hotel+Buenos+Aires+-+MGallery+Buenos+Aires&checkin=2026-08-11&checkout=2026-08-13",
    "hotelClass": 5,
    "lat": -34.598335,
    "lng": -58.3934332,
    "lowStarShare": 0.019422074846044527,
    "name": "Palladio Hotel Buenos Aires - MGallery",
    "nightlyUsd": 249,
    "plantPenalty": 0,
    "quality": 43.93,
    "rating": 4.8,
    "reviews": 2111,
    "score": 43.5,
    "subscores": {
      "bayesRating": 4.778589521933175,
      "brandBonus": 0,
      "classNudge": 2,
      "consistencyPenalty": 2.427759355755566,
      "maxNegRate": null,
      "plantPenalty": 0,
      "quality": 43.92947609665876,
      "taBonus": 0,
      "whitelistBonus": 0,
      "worstPlantCategory": null,
    },
    "token": "ChoIpJSvp8Sl76C0ARoNL2cvMTFncjZfX252ORAB",
    "worstCategory": null,
    "worstCategoryNeg": null,
  },
  {
    "brandTier": 0,
    "consistencyPenalty": 0,
    "facts": {
      "frontDesk24h": "unknown",
      "hasAC": "confirmed",
      "hasElevator": "unknown",
      "hasWifi": "confirmed",
    },
    "gatedOut": false,
    "gates": [],
    "googleHotelsUrl": "https://www.google.com/travel/search?q=Casa+Caravan+Buenos+Aires&checkin=2026-08-11&checkout=2026-08-13",
    "hotelClass": null,
    "lat": -34.5871293,
    "lng": -58.431768299999995,
    "lowStarShare": 0,
    "name": "Casa Caravan",
    "nightlyUsd": 48,
    "plantPenalty": 0,
    "quality": 42.91,
    "rating": 4.9,
    "reviews": 297,
    "score": 42.91,
    "subscores": {
      "bayesRating": 4.758145210494204,
      "brandBonus": 0,
      "classNudge": 0,
      "consistencyPenalty": 0,
      "maxNegRate": null,
      "plantPenalty": 0,
      "quality": 42.90726052471021,
      "taBonus": 0,
      "whitelistBonus": 0,
      "worstPlantCategory": null,
    },
    "token": "ChoIsMHtjIqHxvidARoNL2cvMTFidzR2bHQxMhAB",
    "worstCategory": null,
    "worstCategoryNeg": null,
  },
  {
    "brandTier": 0,
    "consistencyPenalty": 1.5,
    "facts": {
      "frontDesk24h": "unknown",
      "hasAC": "confirmed",
      "hasElevator": "unknown",
      "hasWifi": "confirmed",
    },
    "gatedOut": false,
    "gates": [],
    "googleHotelsUrl": "https://www.google.com/travel/search?q=Sucre+Suites+Buenos+Aires&checkin=2026-08-11&checkout=2026-08-13",
    "hotelClass": null,
    "lat": -34.5590616,
    "lng": -58.447005100000005,
    "lowStarShare": 0.011983223487118035,
    "name": "Sucre Suites",
    "nightlyUsd": 73,
    "plantPenalty": 0,
    "quality": 43.67,
    "rating": 4.8,
    "reviews": 1669,
    "score": 42.17,
    "subscores": {
      "bayesRating": 4.773386975860863,
      "brandBonus": 0,
      "classNudge": 0,
      "consistencyPenalty": 1.4979029358897542,
      "maxNegRate": null,
      "plantPenalty": 0,
      "quality": 43.669348793043135,
      "taBonus": 0,
      "whitelistBonus": 0,
      "worstPlantCategory": null,
    },
    "token": "ChkIqOeO_NGMs4liGg0vZy8xMWc2bWYwOHFrEAE",
    "worstCategory": "Sleep",
    "worstCategoryNeg": 0.3333333333333333,
  },
  {
    "brandTier": 0,
    "consistencyPenalty": 0.48,
    "facts": {
      "frontDesk24h": "unknown",
      "hasAC": "confirmed",
      "hasElevator": "unknown",
      "hasWifi": "confirmed",
    },
    "gatedOut": false,
    "gates": [],
    "googleHotelsUrl": "https://www.google.com/travel/search?q=MONROE+SUITES+Buenos+Aires&checkin=2026-08-11&checkout=2026-08-13",
    "hotelClass": null,
    "lat": -34.5532616,
    "lng": -58.4518224,
    "lowStarShare": 0.003816793893129771,
    "name": "MONROE SUITES",
    "nightlyUsd": 76,
    "plantPenalty": 0,
    "quality": 42.41,
    "rating": 4.8,
    "reviews": 786,
    "score": 41.94,
    "subscores": {
      "bayesRating": 4.748280885780886,
      "brandBonus": 0,
      "classNudge": 0,
      "consistencyPenalty": 0.4770992366412214,
      "maxNegRate": null,
      "plantPenalty": 0,
      "quality": 42.41404428904431,
      "taBonus": 0,
      "whitelistBonus": 0,
      "worstPlantCategory": null,
    },
    "token": "ChoIwrSq5a6e3NuqARoNL2cvMTFzcmJyMDcwZxAB",
    "worstCategory": "Cleanliness",
    "worstCategoryNeg": 0,
  },
  {
    "brandTier": 2,
    "consistencyPenalty": 3.62,
    "facts": {
      "frontDesk24h": "unknown",
      "hasAC": "confirmed",
      "hasElevator": "unknown",
      "hasWifi": "confirmed",
    },
    "gatedOut": false,
    "gates": [],
    "googleHotelsUrl": "https://www.google.com/travel/search?q=Hilton+Buenos+Aires+Buenos+Aires&checkin=2026-08-11&checkout=2026-08-13",
    "hotelClass": 5,
    "lat": -34.605699,
    "lng": -58.36355919999999,
    "lowStarShare": 0.02893551786911948,
    "name": "Hilton Buenos Aires",
    "nightlyUsd": 224,
    "plantPenalty": 0,
    "quality": 34.96,
    "rating": 4.6,
    "reviews": 20874,
    "score": 41.34,
    "subscores": {
      "bayesRating": 4.599124377334993,
      "brandBonus": 8,
      "classNudge": 2,
      "consistencyPenalty": 3.616939733639935,
      "maxNegRate": null,
      "plantPenalty": 0,
      "quality": 34.956218866749666,
      "taBonus": 0,
      "whitelistBonus": 0,
      "worstPlantCategory": null,
    },
    "token": "ChYI1PSdirWY8qI5GgovbS8wNjRtYjBnEAE",
    "worstCategory": null,
    "worstCategoryNeg": null,
  },
  {
    "brandTier": 0,
    "consistencyPenalty": 2.51,
    "facts": {
      "frontDesk24h": "unknown",
      "hasAC": "confirmed",
      "hasElevator": "unknown",
      "hasWifi": "confirmed",
    },
    "gatedOut": false,
    "gates": [],
    "googleHotelsUrl": "https://www.google.com/travel/search?q=El+Misti+Coliving+Obelisco+Buenos+Aires&checkin=2026-08-11&checkout=2026-08-13",
    "hotelClass": 3,
    "lat": -34.6059763,
    "lng": -58.382267799999994,
    "lowStarShare": 0.020089285714285716,
    "name": "El Misti Coliving Obelisco",
    "nightlyUsd": 53,
    "plantPenalty": 0,
    "quality": 43.75,
    "rating": 4.8,
    "reviews": 1792,
    "score": 41.24,
    "subscores": {
      "bayesRating": 4.775072558749182,
      "brandBonus": 0,
      "classNudge": 0,
      "consistencyPenalty": 2.5111607142857144,
      "maxNegRate": null,
      "plantPenalty": 0,
      "quality": 43.75362793745909,
      "taBonus": 0,
      "whitelistBonus": 0,
      "worstPlantCategory": null,
    },
    "token": "ChkIzq7SiOnu0cI_Gg0vZy8xMWtodGhoanQzEAE",
    "worstCategory": null,
    "worstCategoryNeg": null,
  },
  {
    "brandTier": 0,
    "consistencyPenalty": 2.2,
    "facts": {
      "frontDesk24h": "unknown",
      "hasAC": "confirmed",
      "hasElevator": "unknown",
      "hasWifi": "confirmed",
    },
    "gatedOut": false,
    "gates": [],
    "googleHotelsUrl": "https://www.google.com/travel/search?q=EL+FARO+APART+MONUMENTAL+Buenos+Aires&checkin=2026-08-11&checkout=2026-08-13",
    "hotelClass": null,
    "lat": -34.5520153,
    "lng": -58.4559995,
    "lowStarShare": 0.017587939698492462,
    "name": "EL FARO APART MONUMENTAL",
    "nightlyUsd": 77,
    "plantPenalty": 0,
    "quality": 40.58,
    "rating": 4.8,
    "reviews": 398,
    "score": 38.38,
    "subscores": {
      "bayesRating": 4.711662242866622,
      "brandBonus": 0,
      "classNudge": 0,
      "consistencyPenalty": 2.198492462311558,
      "maxNegRate": null,
      "plantPenalty": 0,
      "quality": 40.58311214333112,
      "taBonus": 0,
      "whitelistBonus": 0,
      "worstPlantCategory": null,
    },
    "token": "ChoIxeXBlNel59akARoNL2cvMTFmbnhidnIyaxAB",
    "worstCategory": "Cleanliness",
    "worstCategoryNeg": 0,
  },
]
`;
